Copyright 1986-2016 Xilinx, Inc. All Rights Reserved.
-----------------------------------------------------------------------------------------------------
| Tool Version : Vivado v.2016.4 (lin64) Build 1756540 Mon Jan 23 19:11:19 MST 2017
| Date         : Sat Jul 15 11:39:05 2017
| Host         : t440p running 64-bit Arch Linux
| Command      : report_control_sets -verbose -file sync_counter_PPS_wrapper_control_sets_placed.rpt
| Design       : sync_counter_PPS_wrapper
| Device       : xc7a35t
-----------------------------------------------------------------------------------------------------

Control Set Information

Table of Contents
-----------------
1. Summary
2. Flip-Flop Distribution
3. Detailed Control Set Information

1. Summary
----------

+----------------------------------------------------------+-------+
|                          Status                          | Count |
+----------------------------------------------------------+-------+
| Number of unique control sets                            |   131 |
| Unused register locations in slices containing registers |   356 |
+----------------------------------------------------------+-------+


2. Flip-Flop Distribution
-------------------------

+--------------+-----------------------+------------------------+-----------------+--------------+
| Clock Enable | Synchronous Set/Reset | Asynchronous Set/Reset | Total Registers | Total Slices |
+--------------+-----------------------+------------------------+-----------------+--------------+
| No           | No                    | No                     |             438 |          124 |
| No           | No                    | Yes                    |             183 |           71 |
| No           | Yes                   | No                     |             233 |           89 |
| Yes          | No                    | No                     |             495 |          138 |
| Yes          | No                    | Yes                    |             242 |           70 |
| Yes          | Yes                   | No                     |             589 |          148 |
+--------------+-----------------------+------------------------+-----------------+--------------+


3. Detailed Control Set Information
-----------------------------------

+----------------------+------------------------------------------------------------------------------------------------------------------------------------------------------------------------------------------------------------------+----------------------------------------------------------------------------------------------------------------------------------------------------------------------------------------------------------------------+------------------+----------------+
|     Clock Signal     |                                                                                                   Enable Signal                                                                                                  |                                                                                                   Set/Reset Signal                                                                                                   | Slice Load Count | Bel Load Count |
+----------------------+------------------------------------------------------------------------------------------------------------------------------------------------------------------------------------------------------------------+----------------------------------------------------------------------------------------------------------------------------------------------------------------------------------------------------------------------+------------------+----------------+
|  dbg_hub/inst/itck_i |                                                                                                                                                                                                                  | dbg_hub/inst/CORE_XSDB.UUT_MASTER/U_ICON_INTERFACE/U_CMD6_RD/U_RD_FIFO/SUBCORE_FIFO.xsdbm_v2_0_2_rdfifo_inst/inst_fifo_gen/gconvfifo.rf/grf.rf/rstblk/rst_rd_reg2                                                    |                1 |              1 |
|  CLK100MHZ_IBUF_BUFG | sync_counter_PPS_i/system_ila/U0/ila_lib/U0/ila_core_inst/u_ila_cap_ctrl/u_cap_addrgen/u_cap_window_counter/U_WHCMPCE/wcnt_hcmp_ce                                                                               | sync_counter_PPS_i/system_ila/U0/ila_lib/U0/ila_core_inst/u_ila_cap_ctrl/u_cap_addrgen/U_CMPRESET/cmp_reset                                                                                                          |                1 |              1 |
|  CLK100MHZ_IBUF_BUFG | sync_counter_PPS_i/system_ila/U0/ila_lib/U0/ila_core_inst/u_ila_cap_ctrl/u_cap_addrgen/u_cap_window_counter/U_WLCMPCE/wcnt_lcmp_ce                                                                               | sync_counter_PPS_i/system_ila/U0/ila_lib/U0/ila_core_inst/u_ila_cap_ctrl/u_cap_addrgen/U_CMPRESET/cmp_reset                                                                                                          |                1 |              1 |
|  dbg_hub/inst/itck_i |                                                                                                                                                                                                                  | dbg_hub/inst/CORE_XSDB.UUT_MASTER/U_ICON_INTERFACE/U_CMD6_WR/U_WR_FIFO/SUBCORE_FIFO.xsdbm_v2_0_2_wrfifo_inst/inst_fifo_gen/gconvfifo.rf/grf.rf/rstblk/rst_wr_reg2                                                    |                1 |              1 |
|  CLK100MHZ_IBUF_BUFG | sync_counter_PPS_i/system_ila/U0/ila_lib/U0/ila_core_inst/u_ila_cap_ctrl/u_cap_addrgen/u_cap_sample_counter/U_SCMPCE/scnt_cmp_ce                                                                                 | sync_counter_PPS_i/system_ila/U0/ila_lib/U0/ila_core_inst/u_ila_cap_ctrl/u_cap_addrgen/U_CMPRESET/cmp_reset                                                                                                          |                1 |              1 |
|  CLK100MHZ_IBUF_BUFG | dbg_hub/inst/CORE_XSDB.UUT_MASTER/U_ICON_INTERFACE/U_CMD7_STAT/stat_reg_ld_temp_1_reg_n_0                                                                                                                        |                                                                                                                                                                                                                      |                1 |              1 |
|  CLK100MHZ_IBUF_BUFG |                                                                                                                                                                                                                  | dbg_hub/inst/CORE_XSDB.UUT_MASTER/U_XSDB_BUS_CONTROLLER/clr_rd_req                                                                                                                                                   |                1 |              1 |
|  CLK100MHZ_IBUF_BUFG |                                                                                                                                                                                                                  | dbg_hub/inst/CORE_XSDB.UUT_MASTER/U_XSDB_BUS_CONTROLLER/clr_abort_rd                                                                                                                                                 |                1 |              1 |
|  CLK100MHZ_IBUF_BUFG |                                                                                                                                                                                                                  | dbg_hub/inst/CORE_XSDB.UUT_MASTER/U_ICON_INTERFACE/U_CMD6_RD/U_RD_FIFO/SUBCORE_FIFO.xsdbm_v2_0_2_rdfifo_inst/inst_fifo_gen/gconvfifo.rf/grf.rf/rstblk/rst_wr_reg2                                                    |                1 |              1 |
|  CLK100MHZ_IBUF_BUFG |                                                                                                                                                                                                                  | dbg_hub/inst/CORE_XSDB.UUT_MASTER/U_ICON_INTERFACE/U_CMD6_WR/U_WR_FIFO/SUBCORE_FIFO.xsdbm_v2_0_2_wrfifo_inst/inst_fifo_gen/gconvfifo.rf/grf.rf/rstblk/rst_rd_reg2                                                    |                1 |              1 |
|  dbg_hub/inst/itck_i |                                                                                                                                                                                                                  | dbg_hub/inst/CORE_XSDB.UUT_MASTER/U_ICON_INTERFACE/U_CMD6_RD/U_RD_FIFO/SUBCORE_FIFO.xsdbm_v2_0_2_rdfifo_inst/inst_fifo_gen/gconvfifo.rf/grf.rf/rstblk/ngwrdrst.grst.g7serrst.rst_rd_reg2_reg_0                       |                1 |              2 |
|  dbg_hub/inst/itck_i |                                                                                                                                                                                                                  | dbg_hub/inst/CORE_XSDB.UUT_MASTER/U_ICON_INTERFACE/U_CMD6_WR/U_WR_FIFO/SUBCORE_FIFO.xsdbm_v2_0_2_wrfifo_inst/inst_fifo_gen/gconvfifo.rf/grf.rf/rstblk/ngwrdrst.grst.g7serrst.rst_rd_reg2_reg_0                       |                1 |              2 |
|  dbg_hub/inst/itck_i | dbg_hub/inst/CORE_XSDB.UUT_MASTER/U_ICON_INTERFACE/U_CMD1/icn_cmd_en_temp                                                                                                                                        |                                                                                                                                                                                                                      |                1 |              2 |
|  CLK100MHZ_IBUF_BUFG |                                                                                                                                                                                                                  | dbg_hub/inst/CORE_XSDB.UUT_MASTER/U_ICON_INTERFACE/U_CMD6_WR/U_WR_FIFO/SUBCORE_FIFO.xsdbm_v2_0_2_wrfifo_inst/inst_fifo_gen/gconvfifo.rf/grf.rf/rstblk/rd_rst_reg[2]                                                  |                2 |              2 |
|  CLK100MHZ_IBUF_BUFG |                                                                                                                                                                                                                  | dbg_hub/inst/CORE_XSDB.UUT_MASTER/U_ICON_INTERFACE/U_CMD6_RD/U_RD_FIFO/SUBCORE_FIFO.xsdbm_v2_0_2_rdfifo_inst/inst_fifo_gen/gconvfifo.rf/grf.rf/rstblk/ngwrdrst.grst.g7serrst.rst_rd_reg2_reg_0                       |                1 |              2 |
|  CLK100MHZ_IBUF_BUFG |                                                                                                                                                                                                                  | dbg_hub/inst/CORE_XSDB.UUT_MASTER/U_ICON_INTERFACE/U_CMD6_WR/U_WR_FIFO/SUBCORE_FIFO.xsdbm_v2_0_2_wrfifo_inst/inst_fifo_gen/gconvfifo.rf/grf.rf/rstblk/ngwrdrst.grst.g7serrst.rst_rd_reg2_reg_0                       |                1 |              2 |
|  CLK100MHZ_IBUF_BUFG |                                                                                                                                                                                                                  | sync_counter_PPS_i/system_ila/U0/ila_lib/U0/ila_core_inst/u_ila_reset_ctrl/Q[2]                                                                                                                                      |                1 |              2 |
|  CLK100MHZ_IBUF_BUFG | dbg_hub/inst/CORE_XSDB.UUT_MASTER/U_ICON_INTERFACE/U_CMD1/ctl_reg[1]_i_1_n_0                                                                                                                                     |                                                                                                                                                                                                                      |                1 |              2 |
|  dbg_hub/inst/itck_i |                                                                                                                                                                                                                  | dbg_hub/inst/CORE_XSDB.UUT_MASTER/U_ICON_INTERFACE/U_CMD6_RD/U_RD_FIFO/SUBCORE_FIFO.xsdbm_v2_0_2_rdfifo_inst/inst_fifo_gen/gconvfifo.rf/grf.rf/rstblk/ngwrdrst.grst.g7serrst.gwrrd_rst_sync_stage[2].rrst_inst/AS[0] |                1 |              3 |
|  dbg_hub/inst/itck_i | dbg_hub/inst/CORE_XSDB.UUT_MASTER/U_ICON_INTERFACE/U_CMD7_STAT/icn_cmd_en_temp                                                                                                                                   |                                                                                                                                                                                                                      |                1 |              3 |
|  dbg_hub/inst/itck_i |                                                                                                                                                                                                                  | dbg_hub/inst/CORE_XSDB.UUT_MASTER/U_ICON_INTERFACE/U_CMD6_WR/U_WR_FIFO/SUBCORE_FIFO.xsdbm_v2_0_2_wrfifo_inst/inst_fifo_gen/gconvfifo.rf/grf.rf/rstblk/ngwrdrst.grst.g7serrst.gwrrd_rst_sync_stage[2].wrst_inst/AS[0] |                1 |              3 |
|  dbg_hub/inst/itck_i | dbg_hub/inst/CORE_XSDB.UUT_MASTER/U_ICON_INTERFACE/U_CMD3/icn_cmd_en_temp                                                                                                                                        |                                                                                                                                                                                                                      |                1 |              3 |
|  CLK100MHZ_IBUF_BUFG |                                                                                                                                                                                                                  | dbg_hub/inst/CORE_XSDB.UUT_MASTER/U_ICON_INTERFACE/U_CMD6_RD/U_RD_FIFO/SUBCORE_FIFO.xsdbm_v2_0_2_rdfifo_inst/inst_fifo_gen/gconvfifo.rf/grf.rf/rstblk/ngwrdrst.grst.g7serrst.gwrrd_rst_sync_stage[2].wrst_inst/AS[0] |                1 |              3 |
|  CLK100MHZ_IBUF_BUFG |                                                                                                                                                                                                                  | dbg_hub/inst/CORE_XSDB.UUT_MASTER/U_ICON_INTERFACE/U_CMD6_WR/U_WR_FIFO/SUBCORE_FIFO.xsdbm_v2_0_2_wrfifo_inst/inst_fifo_gen/gconvfifo.rf/grf.rf/rstblk/ngwrdrst.grst.g7serrst.gwrrd_rst_sync_stage[2].rrst_inst/AS[0] |                1 |              3 |
|  CLK100MHZ_IBUF_BUFG | dbg_hub/inst/CORE_XSDB.UUT_MASTER/U_ICON_INTERFACE/U_CMD7_CTL/ctl_reg[2]_i_1_n_0                                                                                                                                 | dbg_hub/inst/CORE_XSDB.UUT_MASTER/U_ICON_INTERFACE/U_CMD1/ctl_reg[0]                                                                                                                                                 |                1 |              3 |
|  CLK100MHZ_IBUF_BUFG | dbg_hub/inst/CORE_XSDB.UUT_MASTER/U_ICON_INTERFACE/U_CMD3/stat_reg_ld_temp_1_reg_n_0                                                                                                                             |                                                                                                                                                                                                                      |                3 |              3 |
|  dbg_hub/inst/itck_i | dbg_hub/inst/CORE_XSDB.UUT_MASTER/U_ICON_INTERFACE/U_CMD7_CTL/icn_cmd_en_temp                                                                                                                                    | dbg_hub/inst/CORE_XSDB.UUT_MASTER/U_ICON_INTERFACE/U_CMD1/ctl_reg[0]                                                                                                                                                 |                1 |              3 |
|  CLK100MHZ_IBUF_BUFG | sync_counter_PPS_i/UART_0/U0/uart_clk_en__0                                                                                                                                                                      | sync_counter_PPS_i/UART_0/U0/uart_tx_i/tx_ticks[3]_i_1_n_0                                                                                                                                                           |                1 |              4 |
|  dbg_hub/inst/itck_i |                                                                                                                                                                                                                  | dbg_hub/inst/CORE_XSDB.U_ICON/U_CMD/icn_cmd_en_reg[0]_0                                                                                                                                                              |                1 |              4 |
|  dbg_hub/inst/itck_i |                                                                                                                                                                                                                  | dbg_hub/inst/CORE_XSDB.UUT_MASTER/U_ICON_INTERFACE/icn_cmd_en[7]_i_1_n_0                                                                                                                                             |                1 |              4 |
|  CLK100MHZ_IBUF_BUFG |                                                                                                                                                                                                                  | sync_counter_PPS_i/system_ila/U0/ila_lib/U0/ila_core_inst/u_ila_regs/MU_SRL[2].mu_srl_reg/cnt[3]_i_1__2_n_0                                                                                                          |                1 |              4 |
|  CLK100MHZ_IBUF_BUFG | sync_counter_PPS_i/system_ila/U0/ila_lib/U0/ila_core_inst/xsdb_memory_read_inst/E[0]                                                                                                                             |                                                                                                                                                                                                                      |                1 |              4 |
|  dbg_hub/inst/itck_i | dbg_hub/inst/CORE_XSDB.UUT_MASTER/U_ICON_INTERFACE/U_CMD2/icn_cmd_en_temp                                                                                                                                        |                                                                                                                                                                                                                      |                1 |              4 |
|  dbg_hub/inst/itck_i |                                                                                                                                                                                                                  | dbg_hub/inst/CORE_XSDB.UUT_MASTER/U_ICON_INTERFACE/U_CMD5/shift_bit_count_reg[3][0]                                                                                                                                  |                1 |              4 |
|  CLK100MHZ_IBUF_BUFG |                                                                                                                                                                                                                  | sync_counter_PPS_i/system_ila/U0/ila_lib/U0/ila_core_inst/u_ila_regs/TC_SRL[0].tc_srl_reg/cnt[3]_i_1__3_n_0                                                                                                          |                1 |              4 |
|  dbg_hub/inst/itck_i |                                                                                                                                                                                                                  | dbg_hub/inst/CORE_XSDB.UUT_MASTER/U_ICON_INTERFACE/U_CMD5/SR[0]                                                                                                                                                      |                1 |              4 |
|  CLK100MHZ_IBUF_BUFG | sync_counter_PPS_i/system_ila/U0/ila_lib/U0/ila_core_inst/u_ila_regs/p_2_in                                                                                                                                      | sync_counter_PPS_i/system_ila/U0/ila_lib/U0/ila_core_inst/u_ila_regs/p_1_in[1]                                                                                                                                       |                1 |              4 |
|  CLK100MHZ_IBUF_BUFG |                                                                                                                                                                                                                  | sync_counter_PPS_i/system_ila/U0/ila_lib/U0/ila_core_inst/u_ila_regs/MU_SRL[0].mu_srl_reg/cnt[3]_i_1__1_n_0                                                                                                          |                1 |              4 |
|  CLK100MHZ_IBUF_BUFG |                                                                                                                                                                                                                  | sync_counter_PPS_i/system_ila/U0/ila_lib/U0/ila_core_inst/u_ila_regs/MU_SRL[1].mu_srl_reg/cnt[3]_i_1__0_n_0                                                                                                          |                1 |              4 |
|  CLK100MHZ_IBUF_BUFG |                                                                                                                                                                                                                  | sync_counter_PPS_i/system_ila/U0/ila_lib/U0/ila_core_inst/u_ila_regs/reg_srl_fff/cnt[3]_i_1_n_0                                                                                                                      |                1 |              4 |
|  CLK100MHZ_IBUF_BUFG | dbg_hub/inst/CORE_XSDB.UUT_MASTER/U_ICON_INTERFACE/U_CMD2/stat_reg_ld_temp_1                                                                                                                                     |                                                                                                                                                                                                                      |                4 |              4 |
|  CLK100MHZ_IBUF_BUFG |                                                                                                                                                                                                                  | sync_counter_PPS_i/system_ila/U0/ila_lib/U0/ila_core_inst/u_ila_regs/reg_srl_fff/shadow_reg[15]_0                                                                                                                    |                4 |              5 |
|  dbg_hub/inst/itck_i |                                                                                                                                                                                                                  | dbg_hub/inst/CORE_XSDB.U_ICON/U_CMD/SR[0]                                                                                                                                                                            |                1 |              6 |
|  CLK100MHZ_IBUF_BUFG |                                                                                                                                                                                                                  | sync_counter_PPS_i/system_ila/U0/ila_lib/U0/ila_core_inst/u_ila_reset_ctrl/halt_detection_inst/SS[0]                                                                                                                 |                1 |              6 |
|  CLK100MHZ_IBUF_BUFG |                                                                                                                                                                                                                  | sync_counter_PPS_i/system_ila/U0/ila_lib/U0/ila_core_inst/u_ila_regs/U_XSDB_SLAVE/reg_do[15]_i_1_n_0                                                                                                                 |                1 |              6 |
|  CLK100MHZ_IBUF_BUFG |                                                                                                                                                                                                                  | sync_counter_PPS_i/system_ila/U0/ila_lib/U0/ila_core_inst/u_ila_regs/reg_15/I_EN_CTL_EQ1.U_CTL/SR[0]                                                                                                                 |                2 |              6 |
|  CLK100MHZ_IBUF_BUFG | sync_counter_PPS_i/mem_counter_0/U0/ascii_o0                                                                                                                                                                     | sync_counter_PPS_i/mem_counter_0/U0/ascii_o[6]_i_1_n_0                                                                                                                                                               |                3 |              7 |
|  dbg_hub/inst/itck_i |                                                                                                                                                                                                                  | dbg_hub/inst/CORE_XSDB.UUT_MASTER/U_ICON_INTERFACE/U_STATIC_STATUS/clear                                                                                                                                             |                2 |              7 |
|  CLK100MHZ_IBUF_BUFG | sync_counter_PPS_i/system_ila/U0/ila_lib/U0/ila_core_inst/u_ila_regs/sel                                                                                                                                         | sync_counter_PPS_i/system_ila/U0/ila_lib/U0/ila_core_inst/u_ila_regs/count0[6]_i_1_n_0                                                                                                                               |                2 |              7 |
|  CLK100MHZ_IBUF_BUFG | sync_counter_PPS_i/system_ila/U0/ila_lib/U0/ila_core_inst/u_ila_regs/drdy_ffa_i_1_n_0                                                                                                                            | sync_counter_PPS_i/system_ila/U0/ila_lib/U0/ila_core_inst/u_ila_regs/count1[6]_i_1_n_0                                                                                                                               |                3 |              7 |
|  CLK100MHZ_IBUF_BUFG | sync_counter_PPS_i/UART_0/U0/uart_tx_i/tx_data[7]_i_1_n_0                                                                                                                                                        | btnC_IBUF                                                                                                                                                                                                            |                2 |              7 |
|  CLK100MHZ_IBUF_BUFG |                                                                                                                                                                                                                  | sync_counter_PPS_i/system_ila/U0/ila_lib/U0/ila_core_inst/u_ila_regs/slaveRegDo_mux_2[15]_i_1_n_0                                                                                                                    |                4 |              7 |
|  CLK100MHZ_IBUF_BUFG |                                                                                                                                                                                                                  | sync_counter_PPS_i/system_ila/U0/ila_lib/U0/ila_core_inst/u_ila_regs/slaveRegDo_mux_2[13]_i_1_n_0                                                                                                                    |                3 |              7 |
|  dbg_hub/inst/itck_i |                                                                                                                                                                                                                  | dbg_hub/inst/CORE_XSDB.U_ICON/U_SYNC/iSYNC_WORD[6]_i_1_n_0                                                                                                                                                           |                1 |              8 |
|  CLK100MHZ_IBUF_BUFG | dbg_hub/inst/CORE_XSDB.UUT_MASTER/U_XSDB_BUS_CONTROLLER/gpr1.dout_i_reg[15][0]                                                                                                                                   | dbg_hub/inst/CORE_XSDB.UUT_MASTER/U_ICON_INTERFACE/U_CMD6_WR/U_WR_FIFO/SUBCORE_FIFO.xsdbm_v2_0_2_wrfifo_inst/inst_fifo_gen/gconvfifo.rf/grf.rf/rstblk/rd_rst_reg[2]                                                  |                2 |              8 |
|  dbg_hub/inst/itck_i | dbg_hub/inst/CORE_XSDB.UUT_MASTER/U_ICON_INTERFACE/U_CMD6_RD/U_RD_FIFO/SUBCORE_FIFO.xsdbm_v2_0_2_rdfifo_inst/inst_fifo_gen/gconvfifo.rf/grf.rf/gntv_or_sync_fifo.gl0.rd/gr1.gr1_int.rfwft/gc0.count_d1_reg[3][0] | dbg_hub/inst/CORE_XSDB.UUT_MASTER/U_ICON_INTERFACE/U_CMD6_RD/U_RD_FIFO/SUBCORE_FIFO.xsdbm_v2_0_2_rdfifo_inst/inst_fifo_gen/gconvfifo.rf/grf.rf/rstblk/rd_rst_reg[2]                                                  |                1 |              8 |
|  CLK100MHZ_IBUF_BUFG |                                                                                                                                                                                                                  | dbg_hub/inst/CORE_XSDB.UUT_MASTER/U_XSDB_BUS_CONTROLLER/timer_rst                                                                                                                                                    |                2 |              8 |
|  CLK100MHZ_IBUF_BUFG | sync_counter_PPS_i/system_ila/U0/ila_lib/U0/ila_core_inst/xsdb_memory_read_inst/read_addr                                                                                                                        |                                                                                                                                                                                                                      |                3 |             10 |
|  dbg_hub/inst/itck_i |                                                                                                                                                                                                                  | dbg_hub/inst/CORE_XSDB.UUT_MASTER/U_ICON_INTERFACE/U_CMD6_RD/U_RD_FIFO/SUBCORE_FIFO.xsdbm_v2_0_2_rdfifo_inst/inst_fifo_gen/gconvfifo.rf/grf.rf/rstblk/rd_rst_reg[2]                                                  |                4 |             10 |
|  CLK100MHZ_IBUF_BUFG | sync_counter_PPS_i/system_ila/U0/ila_lib/U0/ila_core_inst/u_ila_cap_ctrl/u_cap_addrgen/u_cap_window_counter/U_WCE/E[0]                                                                                           | sync_counter_PPS_i/system_ila/U0/ila_lib/U0/ila_core_inst/u_ila_reset_ctrl/Q[0]                                                                                                                                      |                3 |             10 |
|  CLK100MHZ_IBUF_BUFG | sync_counter_PPS_i/system_ila/U0/ila_lib/U0/ila_core_inst/u_ila_reset_ctrl/captured_samples_reg[0][0]                                                                                                            |                                                                                                                                                                                                                      |                3 |             10 |
|  CLK100MHZ_IBUF_BUFG | sync_counter_PPS_i/system_ila/U0/ila_lib/U0/ila_core_inst/u_ila_cap_ctrl/u_cap_addrgen/u_cap_sample_counter/U_SCE/E[0]                                                                                           | sync_counter_PPS_i/system_ila/U0/ila_lib/U0/ila_core_inst/u_ila_cap_ctrl/u_cap_addrgen/u_cap_sample_counter/U_SCRST/SR[0]                                                                                            |                2 |             10 |
|  dbg_hub/inst/itck_i | dbg_hub/inst/CORE_XSDB.U_ICON/U_CMD/iTARGET_CE                                                                                                                                                                   | dbg_hub/inst/CORE_XSDB.U_ICON/U_CMD/iSEL_n                                                                                                                                                                           |                3 |             10 |
|  dbg_hub/inst/itck_i | dbg_hub/inst/CORE_XSDB.UUT_MASTER/U_ICON_INTERFACE/U_CMD6_WR/U_WR_FIFO/SUBCORE_FIFO.xsdbm_v2_0_2_wrfifo_inst/inst_fifo_gen/gconvfifo.rf/grf.rf/gntv_or_sync_fifo.gl0.wr/gwas.wsts/E[0]                           | dbg_hub/inst/CORE_XSDB.UUT_MASTER/U_ICON_INTERFACE/U_CMD6_WR/U_WR_FIFO/SUBCORE_FIFO.xsdbm_v2_0_2_wrfifo_inst/inst_fifo_gen/gconvfifo.rf/grf.rf/rstblk/wr_rst_reg[1]                                                  |                4 |             12 |
|  CLK100MHZ_IBUF_BUFG | dbg_hub/inst/CORE_XSDB.UUT_MASTER/U_XSDB_BUS_CONTROLLER/E[0]                                                                                                                                                     | dbg_hub/inst/CORE_XSDB.UUT_MASTER/U_ICON_INTERFACE/U_CMD6_RD/U_RD_FIFO/SUBCORE_FIFO.xsdbm_v2_0_2_rdfifo_inst/inst_fifo_gen/gconvfifo.rf/grf.rf/rstblk/wr_rst_reg[1]                                                  |                3 |             12 |
|  CLK100MHZ_IBUF_BUFG |                                                                                                                                                                                                                  | dbg_hub/inst/CORE_XSDB.UUT_MASTER/U_XSDB_BUS_CONTROLLER/sl_iport0_o[0]                                                                                                                                               |                6 |             13 |
|  dbg_hub/inst/itck_i | dbg_hub/inst/SWITCH_N_EXT_BSCAN.bscan_inst/s_bscan_sel                                                                                                                                                           | dbg_hub/inst/SWITCH_N_EXT_BSCAN.bscan_inst/s_bscan_reset                                                                                                                                                             |                5 |             14 |
|  CLK100MHZ_IBUF_BUFG |                                                                                                                                                                                                                  | sync_counter_PPS_i/system_ila/U0/ila_lib/U0/ila_core_inst/u_ila_regs/slaveRegDo_mux_0[15]_i_1_n_0                                                                                                                    |                8 |             14 |
|  CLK100MHZ_IBUF_BUFG | sync_counter_PPS_i/system_ila/U0/ila_lib/U0/ila_core_inst/u_ila_regs/reg_19/I_EN_CTL_EQ1.U_CTL/xsdb_reg[15]_i_1__7_n_0                                                                                           |                                                                                                                                                                                                                      |                3 |             16 |
|  CLK100MHZ_IBUF_BUFG | sync_counter_PPS_i/system_ila/U0/ila_lib/U0/ila_core_inst/u_ila_regs/reg_stream_ffd/I_EN_CTL_EQ1.U_CTL/xsdb_reg[15]_i_1__11_n_0                                                                                  |                                                                                                                                                                                                                      |                3 |             16 |
|  CLK100MHZ_IBUF_BUFG | dbg_hub/inst/CORE_XSDB.UUT_MASTER/U_XSDB_BUS_CONTROLLER/gpr1.dout_i_reg[15][0]                                                                                                                                   |                                                                                                                                                                                                                      |                3 |             16 |
|  dbg_hub/inst/itck_i |                                                                                                                                                                                                                  | dbg_hub/inst/CORE_XSDB.UUT_MASTER/U_ICON_INTERFACE/U_CMD6_RD/U_RD_FIFO/SUBCORE_FIFO.xsdbm_v2_0_2_rdfifo_inst/inst_fifo_gen/gconvfifo.rf/grf.rf/rstblk/rd_rst_reg[1]                                                  |                4 |             16 |
|  dbg_hub/inst/itck_i | dbg_hub/inst/CORE_XSDB.UUT_MASTER/U_ICON_INTERFACE/U_CMD6_RD/U_RD_FIFO/SUBCORE_FIFO.xsdbm_v2_0_2_rdfifo_inst/inst_fifo_gen/gconvfifo.rf/grf.rf/gntv_or_sync_fifo.gl0.rd/gr1.gr1_int.rfwft/gc0.count_d1_reg[3][0] |                                                                                                                                                                                                                      |                2 |             16 |
|  dbg_hub/inst/itck_i | dbg_hub/inst/CORE_XSDB.UUT_MASTER/U_ICON_INTERFACE/U_CMD5/shift_reg_in_reg[15]_0[0]                                                                                                                              | dbg_hub/inst/CORE_XSDB.UUT_MASTER/U_ICON_INTERFACE/U_CMD6_WR/U_WR_FIFO/SUBCORE_FIFO.xsdbm_v2_0_2_wrfifo_inst/inst_fifo_gen/gconvfifo.rf/grf.rf/rstblk/ngwrdrst.grst.g7serrst.rst_rd_reg2_reg_0                       |                3 |             16 |
|  dbg_hub/inst/itck_i | dbg_hub/inst/CORE_XSDB.UUT_MASTER/U_ICON_INTERFACE/U_CMD6_RD/U_RD_FIFO/SUBCORE_FIFO.xsdbm_v2_0_2_rdfifo_inst/inst_fifo_gen/gconvfifo.rf/grf.rf/gntv_or_sync_fifo.gl0.rd/gr1.gr1_int.rfwft/E[0]                   |                                                                                                                                                                                                                      |                2 |             16 |
|  dbg_hub/inst/itck_i | dbg_hub/inst/CORE_XSDB.UUT_MASTER/U_ICON_INTERFACE/U_CMD5/E[0]                                                                                                                                                   | dbg_hub/inst/CORE_XSDB.UUT_MASTER/U_ICON_INTERFACE/U_CMD6_RD/U_RD_FIFO/SUBCORE_FIFO.xsdbm_v2_0_2_rdfifo_inst/inst_fifo_gen/gconvfifo.rf/grf.rf/rstblk/ngwrdrst.grst.g7serrst.rst_rd_reg2_reg_0                       |                4 |             16 |
|  CLK100MHZ_IBUF_BUFG | sync_counter_PPS_i/system_ila/U0/ila_lib/U0/ila_core_inst/u_ila_regs/reg_1a/I_EN_CTL_EQ1.U_CTL/xsdb_reg[15]_i_1__13_n_0                                                                                          |                                                                                                                                                                                                                      |                4 |             16 |
|  CLK100MHZ_IBUF_BUFG |                                                                                                                                                                                                                  | dbg_hub/inst/CORE_XSDB.UUT_MASTER/U_ICON_INTERFACE/U_CMD6_WR/U_WR_FIFO/SUBCORE_FIFO.xsdbm_v2_0_2_wrfifo_inst/inst_fifo_gen/gconvfifo.rf/grf.rf/rstblk/rd_rst_reg[1]                                                  |                3 |             16 |
|  CLK100MHZ_IBUF_BUFG | sync_counter_PPS_i/system_ila/U0/ila_lib/U0/ila_core_inst/u_ila_regs/reg_16/I_EN_CTL_EQ1.U_CTL/xsdb_reg[15]_i_1__12_n_0                                                                                          |                                                                                                                                                                                                                      |                3 |             16 |
|  CLK100MHZ_IBUF_BUFG | sync_counter_PPS_i/system_ila/U0/ila_lib/U0/ila_core_inst/u_ila_regs/reg_15/I_EN_CTL_EQ1.U_CTL/xsdb_reg[15]_i_1__5_n_0                                                                                           |                                                                                                                                                                                                                      |                6 |             16 |
|  CLK100MHZ_IBUF_BUFG | sync_counter_PPS_i/system_ila/U0/ila_lib/U0/ila_core_inst/u_ila_regs/U_XSDB_SLAVE/reg_test0                                                                                                                      |                                                                                                                                                                                                                      |                4 |             16 |
|  CLK100MHZ_IBUF_BUFG | sync_counter_PPS_i/system_ila/U0/ila_lib/U0/ila_core_inst/u_ila_regs/reg_17/I_EN_CTL_EQ1.U_CTL/xsdb_reg[15]_i_1__4_n_0                                                                                           |                                                                                                                                                                                                                      |                4 |             16 |
|  CLK100MHZ_IBUF_BUFG |                                                                                                                                                                                                                  | sync_counter_PPS_i/system_ila/U0/ila_lib/U0/ila_core_inst/u_ila_regs/reg_srl_fff/slaveRegDo_mux_3_reg[0]                                                                                                             |                9 |             16 |
|  CLK100MHZ_IBUF_BUFG | sync_counter_PPS_i/system_ila/U0/ila_lib/U0/ila_core_inst/u_ila_regs/reg_18/I_EN_CTL_EQ1.U_CTL/xsdb_reg[15]_i_1__6_n_0                                                                                           |                                                                                                                                                                                                                      |                3 |             16 |
|  CLK100MHZ_IBUF_BUFG | sync_counter_PPS_i/system_ila/U0/ila_lib/U0/ila_core_inst/u_ila_regs/reg_7/I_EN_CTL_EQ1.U_CTL/xsdb_reg[15]_i_1__2_n_0                                                                                            |                                                                                                                                                                                                                      |                4 |             16 |
|  CLK100MHZ_IBUF_BUFG | sync_counter_PPS_i/system_ila/U0/ila_lib/U0/ila_core_inst/u_ila_regs/reg_6/I_EN_CTL_EQ1.U_CTL/xsdb_reg[15]_i_1__0_n_0                                                                                            |                                                                                                                                                                                                                      |                6 |             16 |
|  CLK100MHZ_IBUF_BUFG | sync_counter_PPS_i/system_ila/U0/ila_lib/U0/ila_core_inst/u_ila_regs/reg_80/I_EN_CTL_EQ1.U_CTL/xsdb_reg[15]_i_1__9_n_0                                                                                           |                                                                                                                                                                                                                      |                3 |             16 |
|  CLK100MHZ_IBUF_BUFG | sync_counter_PPS_i/system_ila/U0/ila_lib/U0/ila_core_inst/u_ila_regs/reg_82/I_EN_CTL_EQ1.U_CTL/xsdb_reg[15]_i_1_n_0                                                                                              |                                                                                                                                                                                                                      |                6 |             16 |
|  CLK100MHZ_IBUF_BUFG | sync_counter_PPS_i/system_ila/U0/ila_lib/U0/ila_core_inst/u_ila_regs/reg_81/I_EN_CTL_EQ1.U_CTL/xsdb_reg[15]_i_1__10_n_0                                                                                          |                                                                                                                                                                                                                      |                6 |             16 |
|  CLK100MHZ_IBUF_BUFG | sync_counter_PPS_i/system_ila/U0/ila_lib/U0/ila_core_inst/u_ila_regs/reg_83/I_EN_CTL_EQ1.U_CTL/xsdb_reg[15]_i_1__8_n_0                                                                                           |                                                                                                                                                                                                                      |                5 |             16 |
|  CLK100MHZ_IBUF_BUFG | sync_counter_PPS_i/system_ila/U0/ila_lib/U0/ila_core_inst/u_ila_regs/reg_84/I_EN_CTL_EQ1.U_CTL/xsdb_reg[15]_i_1__3_n_0                                                                                           |                                                                                                                                                                                                                      |                4 |             16 |
|  CLK100MHZ_IBUF_BUFG | sync_counter_PPS_i/system_ila/U0/ila_lib/U0/ila_core_inst/u_ila_regs/reg_85/I_EN_CTL_EQ1.U_CTL/xsdb_reg[15]_i_1__1_n_0                                                                                           |                                                                                                                                                                                                                      |                6 |             16 |
|  CLK100MHZ_IBUF_BUFG | dbg_hub/inst/CORE_XSDB.UUT_MASTER/U_XSDB_BUS_CONTROLLER/addr_reg[0]                                                                                                                                              | dbg_hub/inst/CORE_XSDB.UUT_MASTER/U_ICON_INTERFACE/U_CMD1/ctl_reg[0]                                                                                                                                                 |                5 |             17 |
|  CLK100MHZ_IBUF_BUFG | dbg_hub/inst/CORE_XSDB.UUT_MASTER/U_XSDB_BUS_CONTROLLER/burst_wd_reg[16]                                                                                                                                         | dbg_hub/inst/CORE_XSDB.UUT_MASTER/U_ICON_INTERFACE/U_CMD1/ctl_reg[0]                                                                                                                                                 |                5 |             17 |
|  CLK100MHZ_IBUF_BUFG |                                                                                                                                                                                                                  | dbg_hub/inst/CORE_XSDB.UUT_MASTER/U_ICON_INTERFACE/U_CMD6_RD/U_RD_FIFO/SUBCORE_FIFO.xsdbm_v2_0_2_rdfifo_inst/inst_fifo_gen/gconvfifo.rf/grf.rf/rstblk/wr_rst_reg[0]                                                  |                6 |             18 |
|  dbg_hub/inst/itck_i | dbg_hub/inst/CORE_XSDB.UUT_MASTER/U_ICON_INTERFACE/U_CMD5/icn_cmd_en_temp                                                                                                                                        | dbg_hub/inst/CORE_XSDB.UUT_MASTER/U_ICON_INTERFACE/U_CMD1/ctl_reg[0]                                                                                                                                                 |                3 |             18 |
|  dbg_hub/inst/itck_i |                                                                                                                                                                                                                  | dbg_hub/inst/CORE_XSDB.UUT_MASTER/U_ICON_INTERFACE/U_CMD6_WR/U_WR_FIFO/SUBCORE_FIFO.xsdbm_v2_0_2_wrfifo_inst/inst_fifo_gen/gconvfifo.rf/grf.rf/rstblk/wr_rst_reg[0]                                                  |                3 |             18 |
|  CLK100MHZ_IBUF_BUFG | dbg_hub/inst/CORE_XSDB.UUT_MASTER/U_ICON_INTERFACE/U_CMD5/ctl_reg[17]_i_1_n_0                                                                                                                                    | dbg_hub/inst/CORE_XSDB.UUT_MASTER/U_ICON_INTERFACE/U_CMD1/ctl_reg[0]                                                                                                                                                 |                3 |             18 |
|  CLK100MHZ_IBUF_BUFG | sync_counter_PPS_i/display_0/U0/sel                                                                                                                                                                              |                                                                                                                                                                                                                      |                6 |             21 |
|  CLK100MHZ_IBUF_BUFG | dbg_hub/inst/CORE_XSDB.UUT_MASTER/U_XSDB_BUS_CONTROLLER/E[0]                                                                                                                                                     |                                                                                                                                                                                                                      |                3 |             24 |
|  dbg_hub/inst/itck_i | dbg_hub/inst/CORE_XSDB.UUT_MASTER/U_ICON_INTERFACE/U_CMD6_WR/U_WR_FIFO/SUBCORE_FIFO.xsdbm_v2_0_2_wrfifo_inst/inst_fifo_gen/gconvfifo.rf/grf.rf/gntv_or_sync_fifo.gl0.wr/gwas.wsts/E[0]                           |                                                                                                                                                                                                                      |                3 |             24 |
|  CLK100MHZ_IBUF_BUFG | sync_counter_PPS_i/system_ila/U0/ila_lib/U0/ila_core_inst/u_ila_regs/MU_SRL[2].mu_srl_reg/E[0]                                                                                                                   |                                                                                                                                                                                                                      |                6 |             25 |
|  CLK100MHZ_IBUF_BUFG | sync_counter_PPS_i/system_ila/U0/ila_lib/U0/ila_core_inst/u_ila_regs/TC_SRL[0].tc_srl_reg/E[0]                                                                                                                   |                                                                                                                                                                                                                      |                6 |             25 |
|  CLK100MHZ_IBUF_BUFG | sync_counter_PPS_i/system_ila/U0/ila_lib/U0/ila_core_inst/u_ila_regs/MU_SRL[1].mu_srl_reg/E[0]                                                                                                                   |                                                                                                                                                                                                                      |                6 |             25 |
|  CLK100MHZ_IBUF_BUFG | sync_counter_PPS_i/system_ila/U0/ila_lib/U0/ila_core_inst/u_ila_regs/MU_SRL[0].mu_srl_reg/E[0]                                                                                                                   |                                                                                                                                                                                                                      |                5 |             25 |
|  CLK100MHZ_IBUF_BUFG |                                                                                                                                                                                                                  | dbg_hub/inst/CORE_XSDB.UUT_MASTER/U_ICON_INTERFACE/U_CMD1/ctl_reg[0]                                                                                                                                                 |               14 |             27 |
|  CLK100MHZ_IBUF_BUFG | dbg_hub/inst/CORE_XSDB.UUT_MASTER/U_ICON_INTERFACE/U_CMD4/ctl_reg[27]_i_1_n_0                                                                                                                                    | dbg_hub/inst/CORE_XSDB.UUT_MASTER/U_ICON_INTERFACE/U_CMD1/ctl_reg[0]                                                                                                                                                 |                5 |             28 |
|  dbg_hub/inst/itck_i | dbg_hub/inst/CORE_XSDB.UUT_MASTER/U_ICON_INTERFACE/U_CMD4/icn_cmd_en_temp                                                                                                                                        | dbg_hub/inst/CORE_XSDB.UUT_MASTER/U_ICON_INTERFACE/U_CMD1/ctl_reg[0]                                                                                                                                                 |                4 |             28 |
|  CLK100MHZ_IBUF_BUFG |                                                                                                                                                                                                                  | sync_counter_PPS_i/system_ila/U0/ila_lib/U0/ila_core_inst/u_ila_reset_ctrl/Q[0]                                                                                                                                      |               11 |             32 |
|  CLK100MHZ_IBUF_BUFG | sync_counter_PPS_i/inputs_0/U0/gen_event_trigger_1/led_counter[0]_i_2__1_n_0                                                                                                                                     | sync_counter_PPS_i/inputs_0/U0/gen_event_trigger_1/led_counter[0]_i_1__1_n_0                                                                                                                                         |                8 |             32 |
|  CLK100MHZ_IBUF_BUFG | sync_counter_PPS_i/inputs_0/U0/gen_event_init_1/led_counter[0]_i_2__4_n_0                                                                                                                                        | sync_counter_PPS_i/inputs_0/U0/gen_event_init_1/led_counter[0]_i_1__4_n_0                                                                                                                                            |                8 |             32 |
|  CLK100MHZ_IBUF_BUFG | sync_counter_PPS_i/inputs_0/U0/gen_event_trigger_1/counter[0]_i_2__2_n_0                                                                                                                                         | sync_counter_PPS_i/inputs_0/U0/gen_event_trigger_1/counter[0]_i_1__1_n_0                                                                                                                                             |                8 |             32 |
|  CLK100MHZ_IBUF_BUFG | sync_counter_PPS_i/inputs_0/U0/gen_event_usrp_trigger_1/counter[0]_i_2__1_n_0                                                                                                                                    | sync_counter_PPS_i/inputs_0/U0/gen_event_usrp_trigger_1/counter[0]_i_1__2_n_0                                                                                                                                        |                8 |             32 |
|  CLK100MHZ_IBUF_BUFG | sync_counter_PPS_i/inputs_0/U0/gen_event_usrp_trigger_1/led_counter[0]_i_2__2_n_0                                                                                                                                | sync_counter_PPS_i/inputs_0/U0/gen_event_usrp_trigger_1/led_counter[0]_i_1__2_n_0                                                                                                                                    |                8 |             32 |
|  CLK100MHZ_IBUF_BUFG | sync_counter_PPS_i/mem_counter_0/U0/uart_write_o_i_1_n_0                                                                                                                                                         | btnC_IBUF                                                                                                                                                                                                            |                8 |             32 |
|  CLK100MHZ_IBUF_BUFG | sync_counter_PPS_i/inputs_0/U0/gen_event_init_1/counter[0]_i_2_n_0                                                                                                                                               | sync_counter_PPS_i/inputs_0/U0/gen_event_init_1/counter[0]_i_1__4_n_0                                                                                                                                                |                8 |             32 |
|  CLK100MHZ_IBUF_BUFG | sync_counter_PPS_i/inputs_0/U0/gen_event_gps_1/led_counter[0]_i_2_n_0                                                                                                                                            | sync_counter_PPS_i/inputs_0/U0/gen_event_gps_1/led_counter[0]_i_1_n_0                                                                                                                                                |                8 |             32 |
|  CLK100MHZ_IBUF_BUFG | sync_counter_PPS_i/inputs_0/U0/gen_event_gps_1/counter[0]_i_2__4_n_0                                                                                                                                             | sync_counter_PPS_i/inputs_0/U0/gen_event_gps_1/counter[0]_i_1_n_0                                                                                                                                                    |                8 |             32 |
|  dbg_hub/inst/itck_i |                                                                                                                                                                                                                  | dbg_hub/inst/SWITCH_N_EXT_BSCAN.bscan_switch/shiftreg[31]_i_1_n_0                                                                                                                                                    |               15 |             32 |
|  CLK100MHZ_IBUF_BUFG | sync_counter_PPS_i/inputs_0/U0/gen_event_fake_1/counter[0]_i_2__3_n_0                                                                                                                                            | sync_counter_PPS_i/inputs_0/U0/gen_event_fake_1/counter[0]_i_1__0_n_0                                                                                                                                                |                8 |             32 |
|  CLK100MHZ_IBUF_BUFG | sync_counter_PPS_i/inputs_0/U0/gen_event_fake_1/led_counter[0]_i_2__0_n_0                                                                                                                                        | sync_counter_PPS_i/inputs_0/U0/gen_event_fake_1/led_counter[0]_i_1__0_n_0                                                                                                                                            |                8 |             32 |
|  CLK100MHZ_IBUF_BUFG | sync_counter_PPS_i/inputs_0/U0/gen_event_button_trig_1/led_counter[0]_i_2__3_n_0                                                                                                                                 | sync_counter_PPS_i/inputs_0/U0/gen_event_button_trig_1/led_counter[0]_i_1__3_n_0                                                                                                                                     |                8 |             32 |
|  CLK100MHZ_IBUF_BUFG | sync_counter_PPS_i/inputs_0/U0/gen_event_button_trig_1/counter[0]_i_2__0_n_0                                                                                                                                     | sync_counter_PPS_i/inputs_0/U0/gen_event_button_trig_1/counter[0]_i_1__3_n_0                                                                                                                                         |                8 |             32 |
|  CLK100MHZ_IBUF_BUFG | sync_counter_PPS_i/counter_pps_0/U0/sec_counter[31]_i_1_n_0                                                                                                                                                      | btnC_IBUF                                                                                                                                                                                                            |               10 |             32 |
|  CLK100MHZ_IBUF_BUFG | sync_counter_PPS_i/counter_pps_0/U0/sec_counter_nxt_val0                                                                                                                                                         | btnC_IBUF                                                                                                                                                                                                            |                8 |             32 |
|  CLK100MHZ_IBUF_BUFG | sync_counter_PPS_i/system_ila/U0/ila_lib/U0/ila_core_inst/u_ila_regs/U_XSDB_SLAVE/s_den_o                                                                                                                        |                                                                                                                                                                                                                      |               12 |             33 |
|  CLK100MHZ_IBUF_BUFG | sync_counter_PPS_i/inputs_0/U0/gen_event_usrp_trigger_1/trigger_o                                                                                                                                                | btnC_IBUF                                                                                                                                                                                                            |               24 |             64 |
|  dbg_hub/inst/itck_i |                                                                                                                                                                                                                  |                                                                                                                                                                                                                      |               30 |             64 |
|  CLK100MHZ_IBUF_BUFG |                                                                                                                                                                                                                  | btnC_IBUF                                                                                                                                                                                                            |               30 |             72 |
|  CLK100MHZ_IBUF_BUFG | sync_counter_PPS_i/system_ila/U0/ila_lib/U0/ila_core_inst/u_ila_regs/reg_srl_fff/E[0]                                                                                                                            |                                                                                                                                                                                                                      |               28 |             99 |
|  CLK100MHZ_IBUF_BUFG |                                                                                                                                                                                                                  |                                                                                                                                                                                                                      |               97 |            380 |
+----------------------+------------------------------------------------------------------------------------------------------------------------------------------------------------------------------------------------------------------+----------------------------------------------------------------------------------------------------------------------------------------------------------------------------------------------------------------------+------------------+----------------+


+--------+-----------------------+
| Fanout | Number of ControlSets |
+--------+-----------------------+
| 1      |                    10 |
| 2      |                     8 |
| 3      |                     9 |
| 4      |                    14 |
| 5      |                     1 |
| 6      |                     4 |
| 7      |                     7 |
| 8      |                     4 |
| 10     |                     6 |
| 12     |                     2 |
| 13     |                     1 |
| 14     |                     2 |
| 16+    |                    63 |
+--------+-----------------------+


