#-----------------------------------------------------------
# Vivado v2016.4 (64-bit)
# SW Build 1756540 on Mon Jan 23 19:11:19 MST 2017
# IP Build 1755317 on Mon Jan 23 20:30:07 MST 2017
# Start of session at: Mon Jul  3 16:54:10 2017
# Process ID: 25211
# Current directory: /home/seba/documents/hepia/lora/pps_gen_fpga/PPS_generator/PPS_generator.runs/pps_generator_gen_event_trigger_0_0_synth_1
# Command line: vivado -log pps_generator_gen_event_trigger_0_0.vds -product Vivado -mode batch -messageDb vivado.pb -notrace -source pps_generator_gen_event_trigger_0_0.tcl
# Log file: /home/seba/documents/hepia/lora/pps_gen_fpga/PPS_generator/PPS_generator.runs/pps_generator_gen_event_trigger_0_0_synth_1/pps_generator_gen_event_trigger_0_0.vds
# Journal file: /home/seba/documents/hepia/lora/pps_gen_fpga/PPS_generator/PPS_generator.runs/pps_generator_gen_event_trigger_0_0_synth_1/vivado.jou
#-----------------------------------------------------------
source pps_generator_gen_event_trigger_0_0.tcl -notrace
